// Jest Snapshot v1, https://goo.gl/fbAQLP

exports[`App should render correctly 1`] = `
<div>
  <Connect(Foo) />
  <Connect(YesNo) />
</div>
`;
