// Jest Snapshot v1, https://goo.gl/fbAQLP

exports[`YesNo should render correctly 1`] = `
<div>
  <button
    id="getAnswerButton"
    onClick={[Function]}
  >
    YES | NO
  </button>
  <h4 />
  <img />
</div>
`;
